2022-07-19 11:15:01,088 - __main__ - INFO - Token value: Token not available!
2022-07-19 11:15:01,760 - __main__ - INFO - Weather in Berlin: 30.32
2022-07-19 10:09:58,525 - __main__ - INFO - Token value: 1234
2022-07-19 10:09:58,949 - __main__ - INFO - Weather in Berlin: 32.56
2022-07-19 12:17:50,405 - __main__ - INFO - Token value: 1234
2022-07-19 12:17:50,875 - __main__ - INFO - Weather in Berlin: 33.66
2022-07-19 14:09:00,868 - __main__ - INFO - Token value: 1234
2022-07-19 14:09:01,435 - __main__ - INFO - Weather in Berlin: 34.86
2022-07-19 16:12:16,906 - __main__ - INFO - Token value: 1234
2022-07-19 16:12:17,306 - __main__ - INFO - Weather in Berlin: 34.28
2022-07-19 18:10:53,682 - __main__ - INFO - Token value: 1234
2022-07-19 18:10:53,844 - __main__ - INFO - Weather in Berlin: 31.9
2022-07-19 20:09:35,027 - __main__ - INFO - Token value: 1234
2022-07-19 20:09:35,139 - __main__ - INFO - Weather in Berlin: 27.52
2022-07-19 22:09:04,334 - __main__ - INFO - Token value: 1234
2022-07-19 22:09:04,912 - __main__ - INFO - Weather in Berlin: 25.4
2022-07-20 00:46:12,649 - __main__ - INFO - Token value: 1234
2022-07-20 00:46:13,296 - __main__ - INFO - Weather in Berlin: 24.18
2022-07-20 03:36:18,748 - __main__ - INFO - Token value: 1234
2022-07-20 03:36:18,916 - __main__ - INFO - Weather in Berlin: 22.12
2022-07-20 04:30:43,477 - __main__ - INFO - Token value: 1234
2022-07-20 04:30:43,776 - __main__ - INFO - Weather in Berlin: 21.64
2022-07-20 06:11:40,340 - __main__ - INFO - Token value: 1234
2022-07-20 06:11:41,194 - __main__ - INFO - Weather in Berlin: 24.95
2022-07-20 08:12:25,109 - __main__ - INFO - Token value: 1234
2022-07-20 08:12:25,397 - __main__ - INFO - Weather in Berlin: 30.85
2022-07-20 10:09:27,874 - __main__ - INFO - Token value: 1234
2022-07-20 10:09:28,041 - __main__ - INFO - Weather in Berlin: 35.42
2022-07-20 12:16:14,801 - __main__ - INFO - Token value: 1234
2022-07-20 12:16:15,447 - __main__ - INFO - Weather in Berlin: 36.64
2022-07-20 14:10:42,143 - __main__ - INFO - Token value: 1234
2022-07-20 14:10:42,285 - __main__ - INFO - Weather in Berlin: 37.34
2022-07-20 16:11:32,101 - __main__ - INFO - Token value: 1234
2022-07-20 16:11:32,270 - __main__ - INFO - Weather in Berlin: 36.32
2022-07-20 18:11:08,871 - __main__ - INFO - Token value: 1234
2022-07-20 18:11:09,450 - __main__ - INFO - Weather in Berlin: 35.75
2022-07-20 20:10:07,208 - __main__ - INFO - Token value: 1234
2022-07-20 20:10:07,807 - __main__ - INFO - Weather in Berlin: 29.16
2022-07-20 22:08:32,880 - __main__ - INFO - Token value: 1234
2022-07-20 22:08:33,309 - __main__ - INFO - Weather in Berlin: 27.72
2022-07-21 00:51:04,670 - __main__ - INFO - Token value: 1234
2022-07-21 00:51:04,945 - __main__ - INFO - Weather in Berlin: 25.62
2022-07-21 03:32:21,183 - __main__ - INFO - Token value: 1234
2022-07-21 03:32:21,622 - __main__ - INFO - Weather in Berlin: 24.17
2022-07-21 04:33:49,059 - __main__ - INFO - Token value: 1234
2022-07-21 04:33:49,712 - __main__ - INFO - Weather in Berlin: 23.8
2022-07-21 06:11:40,676 - __main__ - INFO - Token value: 1234
2022-07-21 06:11:41,078 - __main__ - INFO - Weather in Berlin: 24.1
2022-07-21 08:11:51,774 - __main__ - INFO - Token value: 1234
2022-07-21 08:11:51,925 - __main__ - INFO - Weather in Berlin: 26.61
2022-07-21 10:10:48,231 - __main__ - INFO - Token value: 1234
2022-07-21 10:10:48,658 - __main__ - INFO - Weather in Berlin: 29.39
2022-07-21 12:16:51,452 - __main__ - INFO - Token value: 1234
2022-07-21 12:16:52,210 - __main__ - INFO - Weather in Berlin: 29.02
2022-07-21 14:10:13,059 - __main__ - INFO - Token value: 1234
2022-07-21 14:10:13,760 - __main__ - INFO - Weather in Berlin: 24.62
2022-07-21 16:11:48,481 - __main__ - INFO - Token value: 1234
2022-07-21 16:11:49,254 - __main__ - INFO - Weather in Berlin: 24.51
2022-07-21 18:11:19,590 - __main__ - INFO - Token value: 1234
2022-07-21 18:11:19,965 - __main__ - INFO - Weather in Berlin: 25.79
2022-07-21 20:10:30,244 - __main__ - INFO - Token value: 1234
2022-07-21 20:10:30,328 - __main__ - INFO - Weather in Berlin: 22.77
2022-07-25 00:44:39,700 - __main__ - INFO - Token value: 1234
2022-07-25 00:44:40,082 - __main__ - INFO - Weather in Berlin: 19.9
2022-08-01 00:54:12,206 - __main__ - INFO - Token value: 1234
2022-08-01 00:54:12,694 - __main__ - INFO - Weather in Berlin: 20.23
2022-08-08 00:40:42,506 - __main__ - INFO - Token value: 1234
2022-08-08 00:40:42,610 - __main__ - INFO - Weather in Berlin: 16.92
2022-08-15 00:44:48,218 - __main__ - INFO - Token value: 1234
2022-08-15 00:44:48,828 - __main__ - INFO - Weather in Berlin: 22.05
2022-08-22 00:46:22,483 - __main__ - INFO - Token value: 1234
2022-08-22 00:46:22,604 - __main__ - INFO - Weather in Berlin: 16.54
2022-08-29 00:51:03,885 - __main__ - INFO - Token value: 1234
2022-08-29 00:51:04,463 - __main__ - INFO - Weather in Berlin: 13.61
2022-09-05 00:54:44,539 - __main__ - INFO - Token value: 1234
2022-09-05 00:54:45,065 - __main__ - INFO - Weather in Berlin: 15.8
2022-09-12 00:48:56,255 - __main__ - INFO - Token value: 1234
2022-09-12 00:48:56,362 - __main__ - INFO - Weather in Berlin: 12.68
2022-09-19 00:51:28,986 - __main__ - INFO - Token value: 1234
2022-09-19 00:51:29,073 - __main__ - INFO - Weather in Berlin: 8.79
2022-09-26 00:54:36,285 - __main__ - INFO - Token value: 1234
2022-09-26 00:54:36,670 - __main__ - INFO - Weather in Berlin: 11.75
2022-10-03 00:53:53,511 - __main__ - INFO - Token value: 1234
2022-10-03 00:53:54,115 - __main__ - INFO - Weather in Berlin: 11.07
2022-10-10 00:59:22,592 - __main__ - INFO - Token value: 1234
2022-10-10 00:59:22,684 - __main__ - INFO - Weather in Berlin: 7.73
2022-10-17 01:03:34,041 - __main__ - INFO - Token value: 1234
2022-10-17 01:03:34,808 - __main__ - INFO - Weather in Berlin: 13.02
2022-10-24 01:05:23,964 - __main__ - INFO - Token value: 1234
2022-10-24 01:05:24,197 - __main__ - INFO - Weather in Berlin: 13.27
2022-10-31 00:56:50,347 - __main__ - INFO - Token value: 1234
2022-10-31 00:56:50,781 - __main__ - INFO - Weather in Berlin: 13.45
2022-11-07 00:46:30,914 - __main__ - INFO - Token value: 1234
2022-11-07 00:46:31,482 - __main__ - INFO - Weather in Berlin: 6.9
2022-11-14 00:42:53,014 - __main__ - INFO - Token value: 1234
2022-11-14 00:42:53,136 - __main__ - INFO - Weather in Berlin: 6.58
2022-11-21 00:44:54,383 - __main__ - INFO - Token value: 1234
2022-11-21 00:44:54,891 - __main__ - INFO - Weather in Berlin: -1.89
2022-11-28 00:38:10,868 - __main__ - INFO - Token value: 1234
2022-11-28 00:38:10,962 - __main__ - INFO - Weather in Berlin: 4.03
2022-12-05 00:37:36,747 - __main__ - INFO - Token value: 1234
2022-12-05 00:37:37,346 - __main__ - INFO - Weather in Berlin: 2.48
2022-12-12 00:40:48,194 - __main__ - INFO - Token value: 1234
2022-12-12 00:40:48,347 - __main__ - INFO - Weather in Berlin: -1.51
2022-12-19 00:34:22,668 - __main__ - INFO - Token value: 1234
2022-12-19 00:34:23,349 - __main__ - INFO - Weather in Berlin: -4.73
2022-12-26 00:37:57,455 - __main__ - INFO - Token value: 1234
2022-12-26 00:37:58,555 - __main__ - INFO - Weather in Berlin: 8.58
2023-01-02 00:37:45,571 - __main__ - INFO - Token value: 1234
2023-01-02 00:37:46,198 - __main__ - INFO - Weather in Berlin: 11.86
2023-01-09 00:37:48,669 - __main__ - INFO - Token value: 1234
2023-01-09 00:37:49,006 - __main__ - INFO - Weather in Berlin: 5.01
2023-01-16 00:38:39,973 - __main__ - INFO - Token value: 1234
2023-01-16 00:38:40,358 - __main__ - INFO - Weather in Berlin: 4.9
2023-01-23 00:37:11,897 - __main__ - INFO - Token value: 1234
2023-01-23 00:37:12,431 - __main__ - INFO - Weather in Berlin: 1.65
2023-01-30 00:35:30,776 - __main__ - INFO - Token value: 1234
2023-01-30 00:35:31,351 - __main__ - INFO - Weather in Berlin: 1.63
2023-02-06 00:37:40,919 - __main__ - INFO - Token value: 1234
2023-02-06 00:37:41,397 - __main__ - INFO - Weather in Berlin: -2.01
2023-02-13 00:41:55,645 - __main__ - INFO - Token value: 1234
2023-02-13 00:41:56,334 - __main__ - INFO - Weather in Berlin: 7.16
2023-02-20 00:42:40,136 - __main__ - INFO - Token value: 1234
2023-02-20 00:42:40,714 - __main__ - INFO - Weather in Berlin: 2.39
2023-02-27 00:41:12,914 - __main__ - INFO - Token value: 1234
2023-02-27 00:41:13,506 - __main__ - INFO - Weather in Berlin: -1.34
2023-03-06 00:41:41,381 - __main__ - INFO - Token value: 1234
2023-03-06 00:41:41,518 - __main__ - INFO - Weather in Berlin: 0.94
2023-03-13 00:39:58,538 - __main__ - INFO - Token value: 1234
2023-03-13 00:39:58,984 - __main__ - INFO - Weather in Berlin: 5.94
2023-03-20 00:40:52,346 - __main__ - INFO - Token value: 1234
2023-03-20 00:40:52,864 - __main__ - INFO - Weather in Berlin: 10.36
2023-03-27 00:37:03,135 - __main__ - INFO - Token value: 1234
2023-03-27 00:37:03,579 - __main__ - INFO - Weather in Berlin: 4.49
2023-04-03 00:37:03,535 - __main__ - INFO - Token value: 1234
2023-04-03 00:37:03,887 - __main__ - INFO - Weather in Berlin: 1.06
2023-04-10 00:36:03,126 - __main__ - INFO - Token value: 1234
2023-04-10 00:36:03,601 - __main__ - INFO - Weather in Berlin: 6.65
2023-04-17 00:38:11,628 - __main__ - INFO - Token value: 1234
2023-04-17 00:38:11,958 - __main__ - INFO - Weather in Berlin: 7.47
2023-04-24 00:37:25,968 - __main__ - INFO - Token value: 1234
2023-04-24 00:37:26,548 - __main__ - INFO - Weather in Berlin: 11.24
2023-05-01 00:38:28,593 - __main__ - INFO - Token value: 1234
2023-05-01 00:38:29,237 - __main__ - INFO - Weather in Berlin: 4.74
2023-05-08 00:35:59,553 - __main__ - INFO - Token value: 1234
2023-05-08 00:36:00,012 - __main__ - INFO - Weather in Berlin: 8.12
2023-05-15 00:37:43,779 - __main__ - INFO - Token value: 1234
2023-05-15 00:37:44,323 - __main__ - INFO - Weather in Berlin: 13.01
2023-05-22 00:38:44,183 - __main__ - INFO - Token value: 1234
2023-05-22 00:38:44,825 - __main__ - INFO - Weather in Berlin: 18.93
2023-05-29 00:38:32,685 - __main__ - INFO - Token value: 1234
2023-05-29 00:38:33,317 - __main__ - INFO - Weather in Berlin: 13.49
2023-06-05 00:42:16,214 - __main__ - INFO - Token value: 1234
2023-06-05 00:42:16,354 - __main__ - INFO - Weather in Berlin: 12.54
2023-06-12 00:44:40,761 - __main__ - INFO - Token value: 1234
2023-06-12 00:44:41,287 - __main__ - INFO - Weather in Berlin: 17.95
2023-06-19 00:41:31,896 - __main__ - INFO - Token value: 1234
2023-06-19 00:41:32,077 - __main__ - INFO - Weather in Berlin: 17.46
2023-06-26 00:48:35,778 - __main__ - INFO - Token value: 1234
2023-06-26 00:48:35,965 - __main__ - INFO - Weather in Berlin: 19.96
2023-07-03 00:47:50,515 - __main__ - INFO - Token value: 1234
2023-07-03 00:47:51,503 - __main__ - INFO - Weather in Berlin: 14.82
2023-07-10 00:47:49,548 - __main__ - INFO - Token value: 1234
2023-07-10 00:47:50,169 - __main__ - INFO - Weather in Berlin: 21.4
2023-07-17 00:50:57,487 - __main__ - INFO - Token value: 1234
2023-07-17 00:50:58,057 - __main__ - INFO - Weather in Berlin: 17.68
2023-07-24 00:41:28,744 - __main__ - INFO - Token value: 1234
2023-07-24 00:41:29,341 - __main__ - INFO - Weather in Berlin: 19.18
2023-07-31 00:41:40,366 - __main__ - INFO - Token value: 1234
2023-07-31 00:41:40,950 - __main__ - INFO - Weather in Berlin: 15.06
2023-08-07 00:39:33,017 - __main__ - INFO - Token value: 1234
2023-08-07 00:39:33,591 - __main__ - INFO - Weather in Berlin: 14.24
2023-08-14 00:32:09,980 - __main__ - INFO - Token value: 1234
2023-08-14 00:32:10,569 - __main__ - INFO - Weather in Berlin: 19.18
2023-08-21 00:31:40,538 - __main__ - INFO - Token value: 1234
2023-08-21 00:31:41,217 - __main__ - INFO - Weather in Berlin: 20.29
2023-08-28 00:32:45,300 - __main__ - INFO - Token value: 1234
2023-08-28 00:32:45,759 - __main__ - INFO - Weather in Berlin: 15.49
2023-09-04 00:32:51,578 - __main__ - INFO - Token value: 1234
2023-09-04 00:32:51,721 - __main__ - INFO - Weather in Berlin: 13.88
2023-09-11 00:33:02,029 - __main__ - INFO - Token value: 1234
2023-09-11 00:33:02,311 - __main__ - INFO - Weather in Berlin: 19.79
2023-09-18 00:33:08,034 - __main__ - INFO - Token value: 1234
2023-09-18 00:33:08,622 - __main__ - INFO - Weather in Berlin: 18.77
2023-09-25 00:33:31,589 - __main__ - INFO - Token value: 1234
2023-09-25 00:33:32,204 - __main__ - INFO - Weather in Berlin: 11.97
2023-10-02 00:33:45,247 - __main__ - INFO - Token value: 1234
2023-10-02 00:33:45,432 - __main__ - INFO - Weather in Berlin: 16.15
2023-10-09 00:33:46,073 - __main__ - INFO - Token value: 1234
2023-10-09 00:33:46,678 - __main__ - INFO - Weather in Berlin: 10.35
2023-10-16 00:34:12,581 - __main__ - INFO - Token value: 1234
2023-10-16 00:34:13,068 - __main__ - INFO - Weather in Berlin: 6.05
2023-10-23 00:33:38,346 - __main__ - INFO - Token value: 1234
2023-10-23 00:33:38,481 - __main__ - INFO - Weather in Berlin: 11.05
2023-10-30 00:34:04,551 - __main__ - INFO - Token value: 1234
2023-10-30 00:34:05,043 - __main__ - INFO - Weather in Berlin: 12.19
2023-11-06 00:34:49,810 - __main__ - INFO - Token value: 1234
2023-11-06 00:34:50,132 - __main__ - INFO - Weather in Berlin: 10.48
2023-11-13 00:35:20,583 - __main__ - INFO - Token value: 1234
2023-11-13 00:35:21,202 - __main__ - INFO - Weather in Berlin: 6.07
2023-11-20 00:36:06,535 - __main__ - INFO - Token value: 1234
2023-11-20 00:36:06,644 - __main__ - INFO - Weather in Berlin: 9.7
2023-11-27 00:35:44,273 - __main__ - INFO - Token value: 1234
2023-11-27 00:35:44,752 - __main__ - INFO - Weather in Berlin: -0.91
2023-12-04 00:36:12,963 - __main__ - INFO - Token value: 1234
2023-12-04 00:36:13,413 - __main__ - INFO - Weather in Berlin: -5.01
2023-12-11 00:36:36,877 - __main__ - INFO - Token value: 1234
2023-12-11 00:36:37,345 - __main__ - INFO - Weather in Berlin: 6.43
2023-12-18 00:36:39,535 - __main__ - INFO - Token value: 1234
2023-12-18 00:36:40,637 - __main__ - INFO - Weather in Berlin: 5.87
2023-12-25 00:35:57,463 - __main__ - INFO - Token value: 1234
2023-12-25 00:35:57,814 - __main__ - INFO - Weather in Berlin: 9.67
2024-01-01 00:39:23,702 - __main__ - INFO - Token value: 1234
2024-01-01 00:39:24,163 - __main__ - INFO - Weather in Berlin: 6.02
2024-01-08 00:36:53,575 - __main__ - INFO - Token value: 1234
2024-01-08 00:36:54,117 - __main__ - INFO - Weather in Berlin: -6.67
2024-01-15 00:37:53,460 - __main__ - INFO - Token value: 1234
2024-01-15 00:37:54,171 - __main__ - INFO - Weather in Berlin: 2.04
2024-01-22 00:38:04,182 - __main__ - INFO - Token value: 1234
2024-01-22 00:38:04,935 - __main__ - INFO - Weather in Berlin: 2.86
2024-01-29 00:34:00,850 - __main__ - INFO - Token value: 1234
2024-01-29 00:34:01,071 - __main__ - INFO - Weather in Berlin: 1.69
2024-02-05 00:35:06,109 - __main__ - INFO - Token value: 1234
2024-02-12 00:34:33,688 - __main__ - INFO - Token value: 1234
2024-02-19 00:34:58,887 - __main__ - INFO - Token value: 1234
2024-02-26 00:35:09,233 - __main__ - INFO - Token value: 1234
2024-03-04 00:34:25,560 - __main__ - INFO - Token value: 1234
2024-03-11 00:35:08,395 - __main__ - INFO - Token value: 1234
2024-03-18 00:35:06,524 - __main__ - INFO - Token value: 1234
2024-03-25 00:35:30,409 - __main__ - INFO - Token value: 1234
2024-04-01 00:38:07,362 - __main__ - INFO - Token value: 1234
2024-04-08 00:35:54,186 - __main__ - INFO - Token value: 1234
2024-04-15 03:04:08,840 - __main__ - INFO - Token value: 1234
2024-04-22 00:36:28,016 - __main__ - INFO - Token value: 1234
2024-04-29 00:36:00,211 - __main__ - INFO - Token value: 1234
2024-05-06 00:36:33,374 - __main__ - INFO - Token value: 1234
2024-05-13 00:37:20,778 - __main__ - INFO - Token value: 1234
2024-05-20 00:37:12,884 - __main__ - INFO - Token value: 1234
2024-05-27 00:37:48,048 - __main__ - INFO - Token value: 1234
2024-06-03 00:38:07,159 - __main__ - INFO - Token value: 1234
2024-06-10 00:39:11,953 - __main__ - INFO - Token value: 1234
2024-06-17 00:39:35,708 - __main__ - INFO - Token value: 1234
2024-06-24 00:39:42,774 - __main__ - INFO - Token value: 1234
2024-07-01 00:43:42,399 - __main__ - INFO - Token value: 1234
2024-07-08 00:40:10,931 - __main__ - INFO - Token value: 1234
2024-07-15 00:40:40,166 - __main__ - INFO - Token value: 1234
2024-07-22 00:41:01,877 - __main__ - INFO - Token value: 1234
2024-07-29 00:41:08,640 - __main__ - INFO - Token value: 1234
2024-08-05 00:41:30,205 - __main__ - INFO - Token value: 1234
2024-08-12 00:41:53,777 - __main__ - INFO - Token value: 1234
2024-08-19 00:41:08,919 - __main__ - INFO - Token value: 1234
2024-08-26 00:41:09,438 - __main__ - INFO - Token value: 1234
2024-09-02 00:43:32,364 - __main__ - INFO - Token value: 1234
2024-09-09 00:44:33,435 - __main__ - INFO - Token value: 1234
2024-09-16 00:46:12,591 - __main__ - INFO - Token value: 1234
2024-09-23 00:45:45,251 - __main__ - INFO - Token value: 1234
2024-09-30 00:47:22,120 - __main__ - INFO - Token value: 1234
2024-10-07 00:47:15,042 - __main__ - INFO - Token value: 1234
2024-10-14 00:47:27,568 - __main__ - INFO - Token value: 1234
2024-10-21 00:47:53,211 - __main__ - INFO - Token value: 1234
2024-10-28 00:49:00,731 - __main__ - INFO - Token value: 1234
2024-11-04 00:47:55,869 - __main__ - INFO - Token value: 1234
2024-11-11 00:46:21,824 - __main__ - INFO - Token value: 1234
2024-11-18 00:50:57,659 - __main__ - INFO - Token value: 1234
2024-11-25 00:50:45,093 - __main__ - INFO - Token value: 1234
2024-12-02 00:52:29,507 - __main__ - INFO - Token value: 1234
2024-12-09 00:53:58,604 - __main__ - INFO - Token value: 1234
2024-12-16 00:53:20,485 - __main__ - INFO - Token value: 1234
2024-12-23 00:48:01,229 - __main__ - INFO - Token value: 1234
2024-12-30 00:48:22,277 - __main__ - INFO - Token value: 1234
2025-01-06 00:49:22,409 - __main__ - INFO - Token value: 1234
2025-01-13 00:50:32,843 - __main__ - INFO - Token value: 1234
2025-01-20 00:46:04,526 - __main__ - INFO - Token value: 1234
2025-01-27 00:46:27,749 - __main__ - INFO - Token value: 1234
2025-02-03 00:46:31,926 - __main__ - INFO - Token value: 1234
2025-02-10 00:47:24,980 - __main__ - INFO - Token value: 1234
2025-02-17 00:49:24,294 - __main__ - INFO - Token value: 1234
2025-02-24 00:49:09,856 - __main__ - INFO - Token value: 1234
2025-03-03 00:50:25,449 - __main__ - INFO - Token value: 1234
2025-03-10 00:40:43,273 - __main__ - INFO - Token value: 1234
2025-03-17 00:51:39,016 - __main__ - INFO - Token value: 1234
2025-03-24 00:52:06,841 - __main__ - INFO - Token value: 1234
2025-03-31 00:53:50,974 - __main__ - INFO - Token value: 1234
2025-04-07 00:53:02,003 - __main__ - INFO - Token value: 1234
2025-04-14 00:54:30,421 - __main__ - INFO - Token value: 1234
2025-04-21 00:55:01,305 - __main__ - INFO - Token value: 1234
2025-04-28 00:54:34,387 - __main__ - INFO - Token value: 1234
2025-05-05 00:56:34,259 - __main__ - INFO - Token value: 1234
2025-05-12 00:56:31,715 - __main__ - INFO - Token value: 1234
2025-05-19 00:57:11,922 - __main__ - INFO - Token value: 1234
2025-05-26 00:56:19,737 - __main__ - INFO - Token value: 1234
2025-06-02 00:57:28,719 - __main__ - INFO - Token value: 1234
2025-06-09 00:58:49,093 - __main__ - INFO - Token value: 1234
2025-06-16 00:57:58,719 - __main__ - INFO - Token value: 1234
2025-06-23 00:59:43,068 - __main__ - INFO - Token value: 1234
2025-06-30 00:59:54,390 - __main__ - INFO - Token value: 1234
2025-07-07 01:00:40,204 - __main__ - INFO - Token value: 1234
2025-07-14 01:01:05,490 - __main__ - INFO - Token value: 1234
2025-07-21 01:02:40,362 - __main__ - INFO - Token value: 1234
2025-07-28 01:03:50,396 - __main__ - INFO - Token value: 1234
2025-08-04 01:05:20,071 - __main__ - INFO - Token value: 1234
2025-08-11 01:01:51,469 - __main__ - INFO - Token value: 1234
2025-08-18 01:00:33,308 - __main__ - INFO - Token value: 1234
2025-08-25 00:55:24,545 - __main__ - INFO - Token value: 1234
2025-09-01 01:01:38,624 - __main__ - INFO - Token value: 1234
2025-09-08 00:53:37,125 - __main__ - INFO - Token value: 1234
2025-09-15 00:54:19,975 - __main__ - INFO - Token value: 1234
2025-09-22 00:55:20,870 - __main__ - INFO - Token value: 1234
2025-09-29 00:52:21,503 - __main__ - INFO - Token value: 1234
2025-10-06 00:51:32,672 - __main__ - INFO - Token value: 1234
2025-10-13 00:54:40,092 - __main__ - INFO - Token value: 1234
2025-10-20 00:56:16,111 - __main__ - INFO - Token value: 1234
2025-10-27 00:57:32,621 - __main__ - INFO - Token value: 1234
2025-11-03 00:56:28,378 - __main__ - INFO - Token value: 1234
2025-11-10 00:56:56,287 - __main__ - INFO - Token value: 1234
2025-11-17 00:56:05,528 - __main__ - INFO - Token value: 1234
2025-11-24 00:58:21,248 - __main__ - INFO - Token value: 1234
2025-12-01 01:06:06,588 - __main__ - INFO - Token value: 1234
2025-12-08 00:56:39,559 - __main__ - INFO - Token value: 1234
2025-12-15 01:00:07,196 - __main__ - INFO - Token value: 1234
2025-12-22 01:00:37,158 - __main__ - INFO - Token value: 1234
2025-12-29 01:03:03,505 - __main__ - INFO - Token value: 1234
2026-01-05 01:04:34,946 - __main__ - INFO - Token value: 1234
2026-01-12 01:02:32,723 - __main__ - INFO - Token value: 1234
2026-01-19 01:04:09,157 - __main__ - INFO - Token value: 1234
2026-01-26 01:05:16,913 - __main__ - INFO - Token value: 1234
2026-02-02 01:13:15,613 - __main__ - INFO - Token value: 1234
2026-02-09 01:15:08,334 - __main__ - INFO - Token value: 1234
2026-02-16 01:14:23,219 - __main__ - INFO - Token value: 1234
2026-02-23 01:13:24,828 - __main__ - INFO - Token value: 1234
2026-03-02 01:12:01,803 - __main__ - INFO - Token value: 1234
2026-03-09 01:12:58,486 - __main__ - INFO - Token value: 1234
2026-03-16 01:21:25,706 - __main__ - INFO - Token value: 1234
2026-03-23 01:17:17,569 - __main__ - INFO - Token value: 1234
2026-03-30 01:24:46,073 - __main__ - INFO - Token value: 1234
2026-04-06 01:24:59,763 - __main__ - INFO - Token value: 1234
2026-04-13 01:46:08,805 - __main__ - INFO - Token value: 1234
2026-04-20 01:46:52,616 - __main__ - INFO - Token value: 1234
2026-04-27 01:50:44,106 - __main__ - INFO - Token value: 1234
2026-05-04 01:54:37,593 - __main__ - INFO - Token value: 1234
2026-05-11 02:06:50,887 - __main__ - INFO - Token value: 1234
2026-05-18 02:25:49,421 - __main__ - INFO - Token value: 1234
2026-05-25 02:30:50,062 - __main__ - INFO - Token value: 1234
2026-06-01 02:40:52,478 - __main__ - INFO - Token value: 1234
2026-06-08 02:39:04,115 - __main__ - INFO - Token value: 1234
2026-06-15 02:44:04,653 - __main__ - INFO - Token value: 1234
2026-06-22 02:45:27,249 - __main__ - INFO - Token value: 1234
2026-06-29 02:32:17,576 - __main__ - INFO - Token value: 1234
2026-07-06 02:08:37,280 - __main__ - INFO - Token value: 1234
2026-07-13 01:48:51,144 - __main__ - INFO - Token value: 1234
2026-07-20 03:05:12,522 - __main__ - INFO - Token value: 1234
2026-07-27 01:56:45,791 - __main__ - INFO - Token value: 1234
2026-08-03 01:51:00,446 - __main__ - INFO - Token value: 1234
2026-08-09 21:01:47,960 - __main__ - INFO - Token value: geheim
2026-08-09 21:57:36,869 - __main__ - INFO - Token value: geheim
2026-08-09 22:59:10,927 - __main__ - INFO - Token value: geheim
2026-08-09 23:57:43,055 - __main__ - INFO - Token value: geheim
2026-08-10 02:40:39,851 - __main__ - INFO - Token value: geheim
2026-08-10 04:19:10,685 - __main__ - INFO - Token value: geheim
2026-08-10 05:54:18,953 - __main__ - INFO - Token value: geheim
2026-08-10 08:13:32,956 - __main__ - INFO - Token value: geheim
2026-08-10 09:56:35,645 - __main__ - INFO - Token value: geheim
2026-08-10 11:29:57,957 - __main__ - INFO - Token value: geheim
2026-08-10 12:11:06,024 - __main__ - INFO - Token value: geheim
2026-08-10 13:53:49,572 - __main__ - INFO - Token value: geheim
2026-08-10 15:30:35,483 - __main__ - INFO - Token value: geheim
2026-08-10 16:33:23,502 - __main__ - INFO - Token value: geheim
2026-08-10 17:37:33,213 - __main__ - INFO - Token value: geheim
2026-08-10 18:35:08,936 - __main__ - INFO - Token value: geheim
2026-08-10 19:43:12,886 - __main__ - INFO - Token value: geheim
2026-08-10 20:24:16,987 - __main__ - INFO - Token value: geheim
2026-08-10 21:11:07,589 - __main__ - INFO - Token value: geheim
2026-08-10 22:06:21,849 - __main__ - INFO - Token value: geheim
2026-08-10 23:05:59,165 - __main__ - INFO - Token value: geheim
2026-08-10 23:59:50,166 - __main__ - INFO - Token value: geheim
2026-08-11 02:34:09,668 - __main__ - INFO - Token value: geheim
2026-08-11 04:06:19,902 - __main__ - INFO - Token value: geheim
2026-08-11 05:34:18,293 - __main__ - INFO - Token value: geheim
2026-08-11 06:36:47,258 - __main__ - INFO - Token value: geheim
2026-08-11 07:56:30,148 - __main__ - INFO - Token value: geheim
2026-08-11 09:30:17,686 - __main__ - INFO - Token value: geheim
2026-08-11 10:35:11,932 - __main__ - INFO - Token value: geheim
2026-08-11 11:31:25,436 - __main__ - INFO - Token value: geheim
2026-08-11 12:29:02,682 - __main__ - INFO - Token value: geheim
2026-08-11 13:57:32,955 - __main__ - INFO - Token value: geheim
2026-08-11 15:28:33,931 - __main__ - INFO - Token value: geheim
2026-08-11 16:25:05,996 - __main__ - INFO - Token value: geheim
2026-08-11 17:26:02,437 - __main__ - INFO - Token value: geheim
2026-08-11 18:24:24,038 - __main__ - INFO - Token value: geheim
2026-08-11 19:33:42,536 - __main__ - INFO - Token value: geheim
2026-08-11 20:25:02,017 - __main__ - INFO - Token value: geheim
2026-08-11 21:14:03,284 - __main__ - INFO - Token value: geheim
2026-08-11 22:10:49,412 - __main__ - INFO - Token value: geheim
2026-08-11 23:11:10,040 - __main__ - INFO - Token value: geheim
2026-08-12 00:06:55,716 - __main__ - INFO - Token value: geheim
2026-08-12 03:03:56,967 - __main__ - INFO - Token value: geheim
2026-08-12 05:13:28,896 - __main__ - INFO - Token value: geheim
2026-08-12 06:52:37,797 - __main__ - INFO - Token value: geheim
2026-08-12 08:46:21,832 - __main__ - INFO - Token value: geheim
2026-08-12 09:48:57,458 - __main__ - INFO - Token value: geheim
2026-08-12 11:21:04,826 - __main__ - INFO - Token value: geheim
2026-08-12 12:07:24,061 - __main__ - INFO - Token value: geheim
2026-08-12 13:55:33,057 - __main__ - INFO - Token value: geheim
2026-08-12 15:28:52,146 - __main__ - INFO - Token value: geheim
2026-08-12 16:27:33,760 - __main__ - INFO - Token value: geheim
2026-08-12 17:30:11,758 - __main__ - INFO - Token value: geheim
2026-08-12 18:29:02,603 - __main__ - INFO - Token value: geheim
2026-08-12 19:40:00,425 - __main__ - INFO - Token value: geheim
2026-08-12 20:23:23,604 - __main__ - INFO - Token value: geheim
2026-08-12 21:13:07,810 - __main__ - INFO - Token value: geheim
2026-08-12 22:09:34,787 - __main__ - INFO - Token value: geheim
2026-08-12 23:08:48,991 - __main__ - INFO - Token value: geheim
2026-08-13 00:06:12,477 - __main__ - INFO - Token value: geheim
2026-08-13 03:06:54,537 - __main__ - INFO - Token value: geheim
2026-08-13 05:17:06,207 - __main__ - INFO - Token value: geheim
2026-08-13 06:55:45,228 - __main__ - INFO - Token value: geheim
2026-08-13 08:49:53,150 - __main__ - INFO - Token value: geheim
2026-08-13 10:35:07,140 - __main__ - INFO - Token value: geheim
2026-08-13 11:29:14,122 - __main__ - INFO - Token value: geheim
2026-08-13 12:25:49,458 - __main__ - INFO - Token value: geheim
2026-08-13 13:56:41,304 - __main__ - INFO - Token value: geheim
2026-08-13 15:30:44,082 - __main__ - INFO - Token value: geheim
2026-08-13 16:36:03,627 - __main__ - INFO - Token value: geheim
2026-08-13 17:43:24,706 - __main__ - INFO - Token value: geheim
2026-08-13 18:38:47,804 - __main__ - INFO - Token value: geheim
2026-08-13 19:44:46,310 - __main__ - INFO - Token value: geheim
2026-08-13 20:22:45,533 - __main__ - INFO - Token value: geheim
2026-08-13 21:12:48,229 - __main__ - INFO - Token value: geheim
2026-08-13 22:09:49,803 - __main__ - INFO - Token value: geheim
2026-08-13 23:11:06,566 - __main__ - INFO - Token value: geheim
2026-08-14 00:07:05,934 - __main__ - INFO - Token value: geheim
2026-08-14 03:05:55,305 - __main__ - INFO - Token value: geheim
2026-08-14 05:14:04,134 - __main__ - INFO - Token value: geheim
2026-08-14 06:52:51,174 - __main__ - INFO - Token value: geheim
2026-08-14 08:43:27,897 - __main__ - INFO - Token value: geheim
2026-08-14 09:44:30,072 - __main__ - INFO - Token value: geheim
2026-08-14 10:41:47,967 - __main__ - INFO - Token value: geheim
2026-08-14 11:29:08,679 - __main__ - INFO - Token value: geheim
2026-08-14 12:11:27,816 - __main__ - INFO - Token value: geheim
2026-08-14 13:52:01,151 - __main__ - INFO - Token value: geheim
2026-08-14 15:20:50,324 - __main__ - INFO - Token value: geheim
2026-08-14 16:14:20,622 - __main__ - INFO - Token value: geheim
2026-08-14 17:27:03,741 - __main__ - INFO - Token value: geheim
2026-08-14 18:25:06,426 - __main__ - INFO - Token value: geheim
2026-08-14 19:28:05,963 - __main__ - INFO - Token value: geheim
2026-08-14 20:03:55,564 - __main__ - INFO - Token value: geheim
2026-08-14 20:55:11,636 - __main__ - INFO - Token value: geheim
2026-08-14 21:48:49,026 - __main__ - INFO - Token value: geheim
2026-08-14 22:48:18,660 - __main__ - INFO - Token value: geheim
2026-08-14 23:45:52,747 - __main__ - INFO - Token value: geheim
2026-08-15 00:02:00,136 - __main__ - INFO - Token value: geheim
2026-08-15 01:56:04,700 - __main__ - INFO - Token value: geheim
2026-08-15 03:11:17,501 - __main__ - INFO - Token value: geheim
2026-08-15 04:03:21,530 - __main__ - INFO - Token value: geheim
2026-08-15 04:56:05,489 - __main__ - INFO - Token value: geheim
2026-08-15 05:50:09,421 - __main__ - INFO - Token value: geheim
2026-08-15 07:06:50,276 - __main__ - INFO - Token value: geheim
2026-08-15 07:51:41,605 - __main__ - INFO - Token value: geheim
2026-08-15 08:53:35,935 - __main__ - INFO - Token value: geheim
2026-08-15 09:48:57,261 - __main__ - INFO - Token value: geheim
2026-08-15 10:47:07,260 - __main__ - INFO - Token value: geheim
2026-08-15 11:01:42,336 - __main__ - INFO - Token value: geheim
2026-08-15 11:43:26,333 - __main__ - INFO - Token value: geheim
2026-08-15 11:57:54,445 - __main__ - INFO - Token value: geheim
2026-08-15 13:07:27,156 - __main__ - INFO - Token value: geheim
2026-08-15 13:51:24,559 - __main__ - INFO - Token value: geheim
2026-08-15 14:47:12,562 - __main__ - INFO - Token value: geheim
2026-08-15 15:01:57,659 - __main__ - INFO - Token value: geheim
2026-08-15 15:44:14,701 - __main__ - INFO - Token value: geheim
2026-08-15 15:58:39,366 - __main__ - INFO - Token value: geheim
2026-08-15 16:48:59,916 - __main__ - INFO - Token value: geheim
2026-08-15 17:44:47,668 - __main__ - INFO - Token value: geheim
2026-08-15 17:59:37,768 - __main__ - INFO - Token value: geheim
2026-08-15 18:55:38,493 - __main__ - INFO - Token value: geheim
2026-08-15 19:43:52,217 - __main__ - INFO - Token value: geheim
2026-08-15 19:58:11,350 - __main__ - INFO - Token value: geheim
2026-08-15 20:47:18,832 - __main__ - INFO - Token value: geheim
2026-08-15 21:44:08,378 - __main__ - INFO - Token value: geheim
2026-08-15 21:58:32,531 - __main__ - INFO - Token value: geheim
2026-08-15 22:46:29,416 - __main__ - INFO - Token value: geheim
2026-08-15 23:01:14,106 - __main__ - INFO - Token value: geheim
2026-08-15 23:43:10,216 - __main__ - INFO - Token value: geheim
2026-08-15 23:57:52,471 - __main__ - INFO - Token value: geheim
2026-08-16 02:05:33,433 - __main__ - INFO - Token value: geheim
2026-08-16 03:27:02,966 - __main__ - INFO - Token value: geheim
2026-08-16 04:08:32,238 - __main__ - INFO - Token value: geheim
2026-08-16 05:00:08,236 - __main__ - INFO - Token value: geheim
2026-08-16 05:52:24,445 - __main__ - INFO - Token value: geheim
2026-08-16 07:08:21,930 - __main__ - INFO - Token value: geheim
2026-08-16 07:53:11,891 - __main__ - INFO - Token value: geheim
2026-08-16 08:55:58,718 - __main__ - INFO - Token value: geheim
2026-08-16 09:51:18,894 - __main__ - INFO - Token value: geheim
2026-08-16 10:48:25,097 - __main__ - INFO - Token value: geheim
2026-08-16 11:43:53,629 - __main__ - INFO - Token value: geheim
2026-08-16 11:58:39,321 - __main__ - INFO - Token value: geheim
2026-08-16 13:08:51,905 - __main__ - INFO - Token value: geheim
2026-08-16 13:52:23,880 - __main__ - INFO - Token value: geheim
2026-08-16 14:47:29,971 - __main__ - INFO - Token value: geheim
2026-08-16 15:44:44,741 - __main__ - INFO - Token value: geheim
2026-08-16 16:00:04,912 - __main__ - INFO - Token value: geheim
2026-08-16 16:49:20,132 - __main__ - INFO - Token value: geheim
2026-08-16 17:43:14,106 - __main__ - INFO - Token value: geheim
2026-08-16 17:57:15,945 - __main__ - INFO - Token value: geheim
2026-08-16 18:54:56,888 - __main__ - INFO - Token value: geheim
2026-08-16 19:43:12,474 - __main__ - INFO - Token value: geheim
2026-08-16 19:56:46,807 - __main__ - INFO - Token value: geheim
2026-08-16 20:45:58,382 - __main__ - INFO - Token value: geheim
2026-08-16 21:01:09,508 - __main__ - INFO - Token value: geheim
2026-08-16 21:43:07,669 - __main__ - INFO - Token value: geheim
2026-08-16 21:57:36,750 - __main__ - INFO - Token value: geheim
2026-08-16 22:45:56,561 - __main__ - INFO - Token value: geheim
2026-08-16 23:00:12,257 - __main__ - INFO - Token value: geheim
2026-08-16 23:43:20,419 - __main__ - INFO - Token value: geheim
2026-08-16 23:57:49,478 - __main__ - INFO - Token value: geheim
2026-08-17 02:01:02,933 - __main__ - INFO - Token value: geheim
2026-08-17 03:27:05,090 - __main__ - INFO - Token value: geheim
2026-08-17 04:11:59,641 - __main__ - INFO - Token value: geheim
2026-08-17 05:07:33,485 - __main__ - INFO - Token value: geheim
2026-08-17 05:59:29,497 - __main__ - INFO - Token value: geheim
2026-08-17 07:31:35,863 - __main__ - INFO - Token value: geheim
2026-08-17 08:24:48,249 - __main__ - INFO - Token value: geheim
2026-08-17 09:08:21,429 - __main__ - INFO - Token value: geheim
2026-08-17 10:04:51,922 - __main__ - INFO - Token value: geheim
2026-08-17 10:56:23,340 - __main__ - INFO - Token value: geheim
2026-08-17 11:49:47,223 - __main__ - INFO - Token value: geheim
2026-08-17 13:17:51,741 - __main__ - INFO - Token value: geheim
2026-08-17 14:01:00,773 - __main__ - INFO - Token value: geheim
2026-08-17 14:53:15,488 - __main__ - INFO - Token value: geheim
2026-08-17 15:50:16,541 - __main__ - INFO - Token value: geheim
2026-08-17 16:54:11,761 - __main__ - INFO - Token value: geheim
2026-08-17 17:54:26,660 - __main__ - INFO - Token value: geheim
2026-08-17 19:07:03,972 - __main__ - INFO - Token value: geheim
2026-08-17 19:50:29,671 - __main__ - INFO - Token value: geheim
2026-08-17 20:52:38,098 - __main__ - INFO - Token value: geheim
2026-08-17 21:49:41,715 - __main__ - INFO - Token value: geheim
2026-08-17 22:49:20,930 - __main__ - INFO - Token value: geheim
2026-08-17 23:45:40,870 - __main__ - INFO - Token value: geheim
2026-08-18 00:01:10,195 - __main__ - INFO - Token value: geheim
2026-08-18 01:56:52,417 - __main__ - INFO - Token value: geheim
2026-08-18 03:22:51,412 - __main__ - INFO - Token value: geheim
2026-08-18 04:06:12,292 - __main__ - INFO - Token value: geheim
2026-08-18 05:01:46,474 - __main__ - INFO - Token value: geheim
2026-08-18 05:54:05,246 - __main__ - INFO - Token value: geheim
2026-08-18 07:13:28,182 - __main__ - INFO - Token value: geheim
2026-08-18 08:02:29,246 - __main__ - INFO - Token value: geheim
2026-08-18 09:02:21,427 - __main__ - INFO - Token value: geheim
2026-08-18 09:57:49,350 - __main__ - INFO - Token value: geheim
2026-08-18 10:55:35,446 - __main__ - INFO - Token value: geheim
2026-08-18 11:50:30,097 - __main__ - INFO - Token value: geheim
2026-08-18 13:23:37,622 - __main__ - INFO - Token value: geheim
2026-08-18 14:05:41,464 - __main__ - INFO - Token value: geheim
2026-08-18 15:01:24,202 - __main__ - INFO - Token value: geheim
2026-08-18 15:56:20,440 - __main__ - INFO - Token value: geheim
2026-08-18 16:57:17,710 - __main__ - INFO - Token value: geheim
2026-08-18 17:53:15,562 - __main__ - INFO - Token value: geheim
2026-08-18 19:06:25,231 - __main__ - INFO - Token value: geheim
2026-08-18 19:48:11,170 - __main__ - INFO - Token value: geheim
2026-08-18 20:48:14,449 - __main__ - INFO - Token value: geheim
2026-08-18 21:46:40,283 - __main__ - INFO - Token value: geheim
2026-08-18 22:00:58,084 - __main__ - INFO - Token value: geheim
2026-08-18 22:49:21,423 - __main__ - INFO - Token value: geheim
2026-08-18 23:45:35,473 - __main__ - INFO - Token value: geheim
2026-08-19 00:01:02,203 - __main__ - INFO - Token value: geheim
2026-08-19 01:59:19,476 - __main__ - INFO - Token value: geheim
2026-08-19 03:24:39,908 - __main__ - INFO - Token value: geheim
2026-08-19 04:07:06,525 - __main__ - INFO - Token value: geheim
2026-08-19 05:02:22,416 - __main__ - INFO - Token value: geheim
2026-08-19 05:55:18,420 - __main__ - INFO - Token value: geheim
2026-08-19 07:14:33,901 - __main__ - INFO - Token value: geheim
2026-08-19 08:01:53,461 - __main__ - INFO - Token value: geheim
2026-08-19 09:03:32,630 - __main__ - INFO - Token value: geheim
2026-08-19 09:57:57,374 - __main__ - INFO - Token value: geheim
2026-08-19 10:54:07,680 - __main__ - INFO - Token value: geheim
2026-08-19 11:49:52,991 - __main__ - INFO - Token value: geheim
2026-08-19 13:24:43,401 - __main__ - INFO - Token value: geheim
2026-08-19 14:05:37,477 - __main__ - INFO - Token value: geheim
2026-08-19 15:01:11,116 - __main__ - INFO - Token value: geheim
2026-08-19 15:56:44,679 - __main__ - INFO - Token value: geheim
2026-08-19 16:55:45,441 - __main__ - INFO - Token value: geheim
2026-08-19 17:49:26,402 - __main__ - INFO - Token value: geheim
2026-08-19 19:02:09,400 - __main__ - INFO - Token value: geheim
2026-08-19 19:48:32,190 - __main__ - INFO - Token value: geheim
2026-08-19 20:53:28,699 - __main__ - INFO - Token value: geheim
2026-08-19 21:49:45,061 - __main__ - INFO - Token value: geheim
2026-08-19 22:50:13,269 - __main__ - INFO - Token value: geheim
2026-08-19 23:46:07,777 - __main__ - INFO - Token value: geheim
2026-08-20 00:01:44,220 - __main__ - INFO - Token value: geheim
2026-08-20 01:58:21,305 - __main__ - INFO - Token value: geheim
2026-08-20 03:24:08,250 - __main__ - INFO - Token value: geheim
2026-08-20 04:06:43,092 - __main__ - INFO - Token value: geheim
2026-08-20 05:03:37,238 - __main__ - INFO - Token value: geheim
2026-08-20 05:56:08,572 - __main__ - INFO - Token value: geheim
2026-08-20 07:23:00,688 - __main__ - INFO - Token value: geheim
2026-08-20 08:04:32,668 - __main__ - INFO - Token value: geheim
2026-08-20 09:04:38,515 - __main__ - INFO - Token value: geheim
2026-08-20 09:59:19,600 - __main__ - INFO - Token value: geheim
2026-08-20 10:56:25,088 - __main__ - INFO - Token value: geheim
2026-08-20 11:52:26,494 - __main__ - INFO - Token value: geheim
2026-08-20 13:26:34,895 - __main__ - INFO - Token value: geheim
2026-08-20 14:08:26,911 - __main__ - INFO - Token value: geheim
2026-08-20 15:04:10,478 - __main__ - INFO - Token value: geheim
2026-08-20 15:58:15,507 - __main__ - INFO - Token value: geheim
2026-08-20 17:00:42,760 - __main__ - INFO - Token value: geheim
2026-08-20 17:55:38,761 - __main__ - INFO - Token value: geheim
2026-08-20 19:10:07,340 - __main__ - INFO - Token value: geheim
2026-08-20 19:54:46,435 - __main__ - INFO - Token value: geheim
2026-08-20 20:56:02,108 - __main__ - INFO - Token value: geheim
2026-08-20 21:52:46,059 - __main__ - INFO - Token value: geheim
2026-08-20 22:53:49,230 - __main__ - INFO - Token value: geheim
2026-08-20 23:49:36,031 - __main__ - INFO - Token value: geheim
2026-08-21 02:06:48,180 - __main__ - INFO - Token value: geheim
2026-08-21 03:29:25,956 - __main__ - INFO - Token value: geheim
2026-08-21 04:11:22,951 - __main__ - INFO - Token value: geheim
2026-08-21 05:03:24,260 - __main__ - INFO - Token value: geheim
2026-08-21 05:57:38,520 - __main__ - INFO - Token value: geheim
2026-08-21 07:22:53,978 - __main__ - INFO - Token value: geheim
2026-08-21 08:04:18,222 - __main__ - INFO - Token value: geheim
2026-08-21 09:06:37,791 - __main__ - INFO - Token value: geheim
2026-08-21 09:59:57,320 - __main__ - INFO - Token value: geheim
2026-08-21 10:56:42,267 - __main__ - INFO - Token value: geheim
2026-08-21 11:51:26,160 - __main__ - INFO - Token value: geheim
2026-08-21 13:25:27,899 - __main__ - INFO - Token value: geheim
2026-08-21 14:05:39,056 - __main__ - INFO - Token value: geheim
2026-08-21 15:02:41,824 - __main__ - INFO - Token value: geheim
2026-08-21 15:58:10,698 - __main__ - INFO - Token value: geheim
2026-08-21 17:00:36,557 - __main__ - INFO - Token value: geheim
2026-08-21 17:55:30,960 - __main__ - INFO - Token value: geheim
2026-08-21 19:06:00,964 - __main__ - INFO - Token value: geheim
2026-08-21 19:47:07,822 - __main__ - INFO - Token value: geheim
2026-08-21 20:01:30,843 - __main__ - INFO - Token value: geheim
2026-08-21 20:48:45,082 - __main__ - INFO - Token value: geheim
2026-08-21 21:48:26,079 - __main__ - INFO - Token value: geheim
2026-08-21 22:49:30,740 - __main__ - INFO - Token value: geheim
2026-08-21 23:47:27,201 - __main__ - INFO - Token value: geheim
2026-08-22 01:57:06,990 - __main__ - INFO - Token value: geheim
2026-08-22 03:14:49,840 - __main__ - INFO - Token value: geheim
2026-08-22 04:04:22,451 - __main__ - INFO - Token value: geheim
2026-08-22 04:59:27,367 - __main__ - INFO - Token value: geheim
2026-08-22 05:51:54,302 - __main__ - INFO - Token value: geheim
2026-08-22 07:09:11,286 - __main__ - INFO - Token value: geheim
2026-08-22 07:53:28,097 - __main__ - INFO - Token value: geheim
2026-08-22 08:56:30,690 - __main__ - INFO - Token value: geheim
2026-08-22 09:50:45,384 - __main__ - INFO - Token value: geheim
2026-08-22 10:48:44,802 - __main__ - INFO - Token value: geheim
2026-08-22 11:44:22,544 - __main__ - INFO - Token value: geheim
2026-08-22 11:59:59,092 - __main__ - INFO - Token value: geheim
2026-08-22 13:08:50,942 - __main__ - INFO - Token value: geheim
2026-08-22 13:51:17,314 - __main__ - INFO - Token value: geheim
2026-08-22 14:46:35,177 - __main__ - INFO - Token value: geheim
2026-08-22 15:01:34,268 - __main__ - INFO - Token value: geheim
2026-08-22 15:44:48,803 - __main__ - INFO - Token value: geheim
2026-08-22 15:59:43,099 - __main__ - INFO - Token value: geheim
2026-08-22 16:48:35,437 - __main__ - INFO - Token value: geheim
2026-08-22 17:44:45,549 - __main__ - INFO - Token value: geheim
2026-08-22 17:59:56,939 - __main__ - INFO - Token value: geheim
2026-08-22 18:57:03,953 - __main__ - INFO - Token value: geheim
2026-08-22 19:44:59,354 - __main__ - INFO - Token value: geheim
2026-08-22 19:59:35,594 - __main__ - INFO - Token value: geheim
2026-08-22 20:47:46,632 - __main__ - INFO - Token value: geheim
2026-08-22 21:44:42,968 - __main__ - INFO - Token value: geheim
2026-08-22 21:59:38,836 - __main__ - INFO - Token value: geheim
2026-08-22 22:47:02,049 - __main__ - INFO - Token value: geheim
2026-08-22 23:01:51,029 - __main__ - INFO - Token value: geheim
2026-08-22 23:43:57,267 - __main__ - INFO - Token value: geheim
2026-08-22 23:58:43,696 - __main__ - INFO - Token value: geheim
2026-08-23 02:08:34,647 - __main__ - INFO - Token value: geheim
2026-08-23 03:28:53,871 - __main__ - INFO - Token value: geheim
2026-08-23 04:10:28,913 - __main__ - INFO - Token value: geheim
2026-08-23 05:01:07,364 - __main__ - INFO - Token value: geheim
2026-08-23 05:54:00,288 - __main__ - INFO - Token value: geheim
2026-08-23 07:10:05,003 - __main__ - INFO - Token value: geheim
2026-08-23 07:55:57,445 - __main__ - INFO - Token value: geheim
2026-08-23 08:56:52,525 - __main__ - INFO - Token value: geheim
2026-08-23 09:51:48,627 - __main__ - INFO - Token value: geheim
2026-08-23 10:49:05,553 - __main__ - INFO - Token value: geheim
2026-08-23 11:44:17,429 - __main__ - INFO - Token value: geheim
2026-08-23 11:59:46,823 - __main__ - INFO - Token value: geheim
2026-08-23 13:10:09,417 - __main__ - INFO - Token value: geheim
2026-08-23 13:53:26,890 - __main__ - INFO - Token value: geheim
2026-08-23 14:48:22,806 - __main__ - INFO - Token value: geheim
2026-08-23 15:46:15,160 - __main__ - INFO - Token value: geheim
2026-08-23 16:01:54,769 - __main__ - INFO - Token value: geheim
2026-08-23 16:50:19,594 - __main__ - INFO - Token value: geheim
2026-08-23 17:44:38,114 - __main__ - INFO - Token value: geheim
2026-08-23 17:59:00,997 - __main__ - INFO - Token value: geheim
2026-08-23 18:56:31,754 - __main__ - INFO - Token value: geheim
2026-08-23 19:44:31,258 - __main__ - INFO - Token value: geheim
2026-08-23 19:58:57,430 - __main__ - INFO - Token value: geheim
2026-08-23 20:47:41,017 - __main__ - INFO - Token value: geheim
2026-08-23 21:44:13,571 - __main__ - INFO - Token value: geheim
2026-08-23 21:59:19,741 - __main__ - INFO - Token value: geheim
2026-08-23 22:46:57,511 - __main__ - INFO - Token value: geheim
2026-08-23 23:01:34,987 - __main__ - INFO - Token value: geheim
2026-08-23 23:44:28,615 - __main__ - INFO - Token value: geheim
2026-08-23 23:59:29,910 - __main__ - INFO - Token value: geheim
2026-08-24 02:06:39,367 - __main__ - INFO - Token value: geheim
2026-08-24 03:30:49,219 - __main__ - INFO - Token value: geheim
2026-08-24 04:29:06,708 - __main__ - INFO - Token value: geheim
2026-08-24 05:20:06,731 - __main__ - INFO - Token value: geheim
2026-08-24 06:02:47,897 - __main__ - INFO - Token value: geheim
2026-08-24 07:36:18,218 - __main__ - INFO - Token value: geheim
2026-08-24 08:27:07,561 - __main__ - INFO - Token value: geheim
2026-08-24 09:23:28,310 - __main__ - INFO - Token value: geheim
2026-08-24 10:09:47,402 - __main__ - INFO - Token value: geheim
2026-08-24 11:01:13,425 - __main__ - INFO - Token value: geheim
2026-08-24 11:52:59,096 - __main__ - INFO - Token value: geheim
2026-08-24 13:30:07,295 - __main__ - INFO - Token value: geheim
2026-08-24 14:20:36,698 - __main__ - INFO - Token value: geheim
2026-08-24 15:09:49,105 - __main__ - INFO - Token value: geheim
2026-08-24 16:03:28,577 - __main__ - INFO - Token value: geheim
2026-08-24 17:04:09,642 - __main__ - INFO - Token value: geheim
2026-08-24 17:56:48,935 - __main__ - INFO - Token value: geheim
2026-08-24 19:09:24,491 - __main__ - INFO - Token value: geheim
2026-08-24 19:54:00,970 - __main__ - INFO - Token value: geheim
2026-08-24 20:58:11,589 - __main__ - INFO - Token value: geheim
2026-08-24 21:52:44,756 - __main__ - INFO - Token value: geheim
2026-08-24 22:52:41,215 - __main__ - INFO - Token value: geheim
2026-08-24 23:45:43,035 - __main__ - INFO - Token value: geheim
2026-08-25 00:01:48,845 - __main__ - INFO - Token value: geheim
2026-08-25 01:59:19,506 - __main__ - INFO - Token value: geheim
2026-08-25 03:25:52,152 - __main__ - INFO - Token value: geheim
2026-08-25 04:07:56,949 - __main__ - INFO - Token value: geheim
2026-08-25 05:04:17,786 - __main__ - INFO - Token value: geheim
2026-08-25 05:57:31,124 - __main__ - INFO - Token value: geheim
2026-08-25 07:24:24,100 - __main__ - INFO - Token value: geheim
2026-08-25 08:06:25,348 - __main__ - INFO - Token value: geheim
2026-08-25 09:07:13,526 - __main__ - INFO - Token value: geheim
2026-08-25 09:59:49,432 - __main__ - INFO - Token value: geheim
2026-08-25 10:58:59,128 - __main__ - INFO - Token value: geheim
2026-08-25 11:53:46,331 - __main__ - INFO - Token value: geheim
2026-08-25 13:27:23,577 - __main__ - INFO - Token value: geheim
2026-08-25 14:13:17,012 - __main__ - INFO - Token value: geheim
2026-08-25 15:13:54,359 - __main__ - INFO - Token value: geheim
2026-08-25 16:07:52,031 - __main__ - INFO - Token value: geheim
2026-08-25 17:04:33,613 - __main__ - INFO - Token value: geheim
2026-08-25 17:54:50,435 - __main__ - INFO - Token value: geheim
2026-08-25 19:08:07,160 - __main__ - INFO - Token value: geheim
2026-08-25 19:55:12,235 - __main__ - INFO - Token value: geheim
2026-08-25 20:54:57,168 - __main__ - INFO - Token value: geheim
2026-08-25 21:52:37,587 - __main__ - INFO - Token value: geheim
2026-08-25 22:54:12,353 - __main__ - INFO - Token value: geheim
2026-08-25 23:48:25,718 - __main__ - INFO - Token value: geheim
2026-08-26 02:08:07,088 - __main__ - INFO - Token value: geheim
2026-08-26 03:32:31,361 - __main__ - INFO - Token value: geheim
2026-08-26 04:24:45,756 - __main__ - INFO - Token value: geheim
2026-08-26 05:04:21,361 - __main__ - INFO - Token value: geheim
2026-08-26 05:58:41,351 - __main__ - INFO - Token value: geheim
2026-08-26 07:24:43,913 - __main__ - INFO - Token value: geheim
2026-08-26 08:07:10,439 - __main__ - INFO - Token value: geheim
2026-08-26 09:10:41,565 - __main__ - INFO - Token value: geheim
2026-08-26 10:05:28,995 - __main__ - INFO - Token value: geheim
2026-08-26 11:00:29,891 - __main__ - INFO - Token value: geheim
2026-08-26 11:55:27,164 - __main__ - INFO - Token value: geheim
2026-08-26 13:32:58,056 - __main__ - INFO - Token value: geheim
2026-08-26 14:26:56,863 - __main__ - INFO - Token value: geheim
2026-08-26 15:59:54,245 - __main__ - INFO - Token value: geheim
2026-08-26 18:13:30,566 - __main__ - INFO - Token value: geheim
2026-08-26 20:30:26,899 - __main__ - INFO - Token value: geheim
2026-08-27 00:15:02,764 - __main__ - INFO - Token value: geheim
2026-08-27 10:05:39,097 - __main__ - INFO - Token value: geheim
2026-08-27 20:39:09,048 - __main__ - INFO - Token value: geheim
2026-08-28 04:29:53,029 - __main__ - INFO - Token value: geheim
2026-08-28 16:52:32,101 - __main__ - INFO - Token value: geheim
2026-08-29 01:05:07,379 - __main__ - INFO - Token value: geheim
2026-08-29 08:04:00,128 - __main__ - INFO - Token value: geheim
2026-08-29 13:55:02,781 - __main__ - INFO - Token value: geheim
2026-08-29 17:46:34,463 - __main__ - INFO - Token value: geheim
2026-08-29 20:00:02,560 - __main__ - INFO - Token value: geheim
2026-08-29 22:42:52,783 - __main__ - INFO - Token value: geheim
2026-08-30 00:44:13,187 - __main__ - INFO - Token value: geheim
2026-08-30 05:53:21,502 - __main__ - INFO - Token value: geheim
2026-08-30 12:06:12,865 - __main__ - INFO - Token value: geheim
2026-08-30 16:53:52,211 - __main__ - INFO - Token value: geheim
2026-08-30 19:56:26,809 - __main__ - INFO - Token value: geheim
2026-08-30 22:52:34,595 - __main__ - INFO - Token value: geheim
2026-08-31 01:26:45,256 - __main__ - INFO - Token value: geheim
2026-08-31 07:21:14,074 - __main__ - INFO - Token value: geheim
2026-08-31 15:15:49,363 - __main__ - INFO - Token value: geheim
2026-08-31 20:56:35,284 - __main__ - INFO - Token value: geheim
2026-09-01 00:42:43,094 - __main__ - INFO - Token value: geheim
2026-09-01 05:41:47,160 - __main__ - INFO - Token value: geheim
2026-09-01 10:28:24,027 - __main__ - INFO - Token value: geheim
2026-09-01 15:06:34,225 - __main__ - INFO - Token value: geheim
2026-09-01 18:42:11,476 - __main__ - INFO - Token value: geheim
2026-09-01 21:21:13,482 - __main__ - INFO - Token value: geheim
2026-09-01 23:27:26,013 - __main__ - INFO - Token value: geheim
2026-09-02 01:14:56,527 - __main__ - INFO - Token value: geheim
2026-09-02 06:08:57,191 - __main__ - INFO - Token value: geheim
2026-09-02 11:34:15,466 - __main__ - INFO - Token value: geheim
2026-09-02 15:18:17,672 - __main__ - INFO - Token value: geheim
2026-09-02 18:50:48,412 - __main__ - INFO - Token value: geheim
2026-09-02 21:54:43,267 - __main__ - INFO - Token value: geheim
2026-09-03 00:28:34,561 - __main__ - INFO - Token value: geheim
2026-09-03 04:54:35,004 - __main__ - INFO - Token value: geheim
2026-09-03 09:59:47,903 - __main__ - INFO - Token value: geheim
2026-09-03 14:41:09,160 - __main__ - INFO - Token value: geheim
